C:\Users\joshu\Desktop\New folder\SmartRail-dev\frontend\src\App.jsx
  Line 34:8 - Parsing error: Identifier 'SeatLayout' has already been declared (null)
C:\Users\joshu\Desktop\New folder\SmartRail-dev\frontend\src\components\Auth.jsx
  Line 198:19 - 'data' is assigned a value but never used. Allowed unused vars must match /^[A-Z_]/u. (no-unused-vars)
  Line 422:15 - 'data' is assigned a value but never used. Allowed unused vars must match /^[A-Z_]/u. (no-unused-vars)
C:\Users\joshu\Desktop\New folder\SmartRail-dev\frontend\src\components\Bookingcaard.jsx
  Line 41:9 - 'dateRef' is assigned a value but never used. Allowed unused vars must match /^[A-Z_]/u. (no-unused-vars)
  Line 48:5 - Error: Calling setState synchronously within an effect can trigger cascading renders

Effects are intended to synchronize state between React and external systems such as manually updating the DOM, state management libraries, or other platform APIs. In general, the body of an effect should do one or both of the following:
* Update external systems with the latest state from React.
* Subscribe for updates from some external system, calling setState in a callback function when external state changes.

Calling setState synchronously within an effect body causes cascading renders that can hurt performance, and is not recommended. (https://react.dev/learn/you-might-not-need-an-effect).

  46 |   /* ================= EFFECTS ================= */
  47 |   useEffect(() => {
> 48 |     setMounted(true);
     |     ^^^^^^^^^^ Avoid calling setState() directly within an effect
  49 |
  50 |     const handleSwitchTrainMode = () => setSearchMode("train");
  51 |     window.addEventListener("switchToTrainMode", handleSwitchTrainMode); (react-hooks/set-state-in-effect)
  Line 334:30 - 'err' is defined but never used. (no-unused-vars)
  Line 334:35 - Empty block statement. (no-empty)
C:\Users\joshu\Desktop\New folder\SmartRail-dev\frontend\src\components\LabelNavbar.jsx
  Line 15:9 - 'hasNotification' is assigned a value but never used. Allowed unused vars must match /^[A-Z_]/u. (no-unused-vars)
  Line 26:16 - 'e' is defined but never used. (no-unused-vars)
  Line 41:15 - Unused eslint-disable directive (no problems were reported from 'no-console'). (null)
  Line 57:11 - Unused eslint-disable directive (no problems were reported from 'no-console'). (null)
  Line 70:6 - React Hook useEffect has a missing dependency: 'safeSetHidden'. Either include it or remove the dependency array. (react-hooks/exhaustive-deps)
C:\Users\joshu\Desktop\New folder\SmartRail-dev\frontend\src\components\Pnrresult.jsx
  Line 5:5 - Error: This value cannot be modified

Modifying a variable defined outside a component or hook is not allowed. Consider using an effect.

  3 | export default function PNRResult({ pnrData, onReset }) {
  4 |   const handlePassengerClick = (passenger) => {
> 5 |     window.location.href = `/passenger-details/${passenger.name.toLowerCase().replace(/ /g, "-")}`;
    |     ^^^^^^^^^^^^^^^ value cannot be modified
  6 |   };
  7 |
  8 |   return ( (react-hooks/immutability)
C:\Users\joshu\Desktop\New folder\SmartRail-dev\frontend\src\components\Pnrstatus.jsx
  Line 31:6 - React Hook useEffect has a missing dependency: 'handleCheckStatus'. Either include it or remove the dependency array. (react-hooks/exhaustive-deps)
C:\Users\joshu\Desktop\New folder\SmartRail-dev\frontend\src\components\Reviews.jsx
  Line 12:12 - 'startAnimation' is assigned a value but never used. Allowed unused vars must match /^[A-Z_]/u. (no-unused-vars)
  Line 12:28 - 'setStartAnimation' is assigned a value but never used. Allowed unused vars must match /^[A-Z_]/u. (no-unused-vars)
C:\Users\joshu\Desktop\New folder\SmartRail-dev\frontend\src\main.jsx
  Line 2:10 - 'createRoot' is defined but never used. Allowed unused vars must match /^[A-Z_]/u. (no-unused-vars)
C:\Users\joshu\Desktop\New folder\SmartRail-dev\frontend\src\pages\AdminDashboard.jsx
  Line 28:12 - 'ttes' is assigned a value but never used. Allowed unused vars must match /^[A-Z_]/u. (no-unused-vars)
C:\Users\joshu\Desktop\New folder\SmartRail-dev\frontend\src\pages\AdminTrainView.jsx
  Line 302:47 - 'totalSeatsIdString' is assigned a value but never used. Allowed unused vars must match /^[A-Z_]/u. (no-unused-vars)
C:\Users\joshu\Desktop\New folder\SmartRail-dev\frontend\src\pages\PassengerDetails.jsx
  Line 29:19 - 'setLoading' is assigned a value but never used. Allowed unused vars must match /^[A-Z_]/u. (no-unused-vars)
  Line 65:6 - React Hook useEffect has a missing dependency: 'state'. Either include it or remove the dependency array. (react-hooks/exhaustive-deps)
C:\Users\joshu\Desktop\New folder\SmartRail-dev\frontend\src\pages\Results.jsx
  Line 4:10 - 'supabase' is defined but never used. Allowed unused vars must match /^[A-Z_]/u. (no-unused-vars)
  Line 12:12 - 'error' is assigned a value but never used. Allowed unused vars must match /^[A-Z_]/u. (no-unused-vars)
  Line 37:11 - 'getDayName' is assigned a value but never used. Allowed unused vars must match /^[A-Z_]/u. (no-unused-vars)
  Line 120:29 - Empty block statement. (no-empty)
  Line 125:29 - Empty block statement. (no-empty)
C:\Users\joshu\Desktop\New folder\SmartRail-dev\frontend\src\pages\SeatLayout.jsx
  Line 150:26 - '_' is defined but never used. (no-unused-vars)
  Line 222:8 - React Hook useEffect has a missing dependency: 'trainDetails'. Either include it or remove the dependency array. (react-hooks/exhaustive-deps)
C:\Users\joshu\Desktop\New folder\SmartRail-dev\frontend\src\pages\Support.jsx
  Line 3:20 - 'getCurrentUser' is defined but never used. Allowed unused vars must match /^[A-Z_]/u. (no-unused-vars)
  Line 49:6 - React Hook useEffect has a missing dependency: 'fetchHistory'. Either include it or remove the dependency array. (react-hooks/exhaustive-deps)
  Line 111:19 - 'error' is assigned a value but never used. Allowed unused vars must match /^[A-Z_]/u. (no-unused-vars)
C:\Users\joshu\Desktop\New folder\SmartRail-dev\frontend\src\pages\TteDashboard.jsx
  Line 102:13 - Error: Cannot access variable before it is declared

`fetchAssignments` is accessed before it is declared, which prevents the earlier access from updating when this value changes over time.

  100 |             if (!user) { navigate("/?login=true"); return; }
  101 |             setTteUser(user);
> 102 |             fetchAssignments(user.email);
      |             ^^^^^^^^^^^^^^^^ `fetchAssignments` accessed before it is declared
  103 |         });
  104 |     }, []);
  105 |

  104 |     }, []);
  105 |
> 106 |     const fetchAssignments = async (email) => {
      |     ^^^^^^^^^^^^^^^^^^^^^^^^^^^^^^^^^^^^^^^^^^^
> 107 |         const today = new Date().toISOString().split("T")[0];
      | ^^^^^^^^^^^^^^^^^^^^^^^^^^^^^^^^^^^^^^^^^^^^^^^^^^^^^^^^^^^^^
> 108 |         const { data } = await supabase.from("tte_assignments")
      | ^^^^^^^^^^^^^^^^^^^^^^^^^^^^^^^^^^^^^^^^^^^^^^^^^^^^^^^^^^^^^
> 109 |             .select("*").eq("tte_email", email).gte("duty_date", today).order("duty_date");
      | ^^^^^^^^^^^^^^^^^^^^^^^^^^^^^^^^^^^^^^^^^^^^^^^^^^^^^^^^^^^^^
> 110 |         setAssignments(data || []);
      | ^^^^^^^^^^^^^^^^^^^^^^^^^^^^^^^^^^^^^^^^^^^^^^^^^^^^^^^^^^^^^
> 111 |         setLoading(false);
      | ^^^^^^^^^^^^^^^^^^^^^^^^^^^^^^^^^^^^^^^^^^^^^^^^^^^^^^^^^^^^^
> 112 |     };
      | ^^^^^^^ `fetchAssignments` is declared here
  113 |
  114 |     const loadTrainLayout = async (assignment) => {
  115 |         setSelectedAssignment(assignment); (react-hooks/immutability)
  Line 104:8 - React Hook useEffect has a missing dependency: 'navigate'. Either include it or remove the dependency array. (react-hooks/exhaustive-deps)
C:\Users\joshu\Desktop\New folder\SmartRail-dev\frontend\src\pages\admin\AdminComplaints.jsx
  Line 18:23 - Error: Cannot access variable before it is declared

`fetchComplaints` is accessed before it is declared, which prevents the earlier access from updating when this value changes over time.

  16 |     const [saving, setSaving] = useState(false);
  17 |
> 18 |     useEffect(() => { fetchComplaints(); }, []);
     |                       ^^^^^^^^^^^^^^^ `fetchComplaints` accessed before it is declared
  19 |
  20 |     const fetchComplaints = async () => {
  21 |         setLoading(true);

  18 |     useEffect(() => { fetchComplaints(); }, []);
  19 |
> 20 |     const fetchComplaints = async () => {
     |     ^^^^^^^^^^^^^^^^^^^^^^^^^^^^^^^^^^^^^
> 21 |         setLoading(true);
     | ^^^^^^^^^^^^^^^^^^^^^^^^^
> 22 |         const { data } = await supabase
     | ^^^^^^^^^^^^^^^^^^^^^^^^^
> 23 |             .from("complaints")
     | ^^^^^^^^^^^^^^^^^^^^^^^^^
> 24 |             .select("*")
     | ^^^^^^^^^^^^^^^^^^^^^^^^^
> 25 |             .order("created_at", { ascending: false });
     | ^^^^^^^^^^^^^^^^^^^^^^^^^
> 26 |         if (data) setComplaints(data);
     | ^^^^^^^^^^^^^^^^^^^^^^^^^
> 27 |         setLoading(false);
     | ^^^^^^^^^^^^^^^^^^^^^^^^^
> 28 |     };
     | ^^^^^^^ `fetchComplaints` is declared here
  29 |
  30 |     const updateStatus = async (id, status) => {
  31 |         await supabase.from("complaints").update({ status }).eq("id", id); (react-hooks/immutability)
C:\Users\joshu\Desktop\New folder\SmartRail-dev\frontend\src\pages\admin\AdminNotifications.jsx
  Line 11:23 - Error: Cannot access variable before it is declared

`fetchNotifications` is accessed before it is declared, which prevents the earlier access from updating when this value changes over time.

   9 |     const [success, setSuccess] = useState(false);
  10 |
> 11 |     useEffect(() => { fetchNotifications(); }, []);
     |                       ^^^^^^^^^^^^^^^^^^ `fetchNotifications` accessed before it is declared
  12 |
  13 |     const fetchNotifications = async () => {
  14 |         setLoading(true);

  11 |     useEffect(() => { fetchNotifications(); }, []);
  12 |
> 13 |     const fetchNotifications = async () => {
     |     ^^^^^^^^^^^^^^^^^^^^^^^^^^^^^^^^^^^^^^^^
> 14 |         setLoading(true);
     | ^^^^^^^^^^^^^^^^^^^^^^^^^
> 15 |         const { data } = await supabase
     | ^^^^^^^^^^^^^^^^^^^^^^^^^
> 16 |             .from("notifications")
     | ^^^^^^^^^^^^^^^^^^^^^^^^^
> 17 |             .select("*")
     | ^^^^^^^^^^^^^^^^^^^^^^^^^
> 18 |             .order("created_at", { ascending: false })
     | ^^^^^^^^^^^^^^^^^^^^^^^^^
> 19 |             .limit(50);
     | ^^^^^^^^^^^^^^^^^^^^^^^^^
> 20 |         if (data) setNotifications(data);
     | ^^^^^^^^^^^^^^^^^^^^^^^^^
> 21 |         setLoading(false);
     | ^^^^^^^^^^^^^^^^^^^^^^^^^
> 22 |     };
     | ^^^^^^^ `fetchNotifications` is declared here
  23 |
  24 |     const sendNotification = async (e) => {
  25 |         e.preventDefault(); (react-hooks/immutability)
C:\Users\joshu\Desktop\New folder\SmartRail-dev\frontend\src\pages\admin\DutyAssignments.jsx
  Line 40:35 - Error: Calling setState synchronously within an effect can trigger cascading renders

Effects are intended to synchronize state between React and external systems such as manually updating the DOM, state management libraries, or other platform APIs. In general, the body of an effect should do one or both of the following:
* Update external systems with the latest state from React.
* Subscribe for updates from some external system, calling setState in a callback function when external state changes.

Calling setState synchronously within an effect body causes cascading renders that can hurt performance, and is not recommended. (https://react.dev/learn/you-might-not-need-an-effect).

  38 |     // Train search
  39 |     useEffect(() => {
> 40 |         if (searchQ.length < 1) { setTrainResults([]); return; }
     |                                   ^^^^^^^^^^^^^^^ Avoid calling setState() directly within an effect
  41 |         const t = setTimeout(async () => {
  42 |             const res = await api.searchTrains(searchQ);
  43 |             setTrainResults(res.slice(0, 10)); (react-hooks/set-state-in-effect)
C:\Users\joshu\Desktop\New folder\SmartRail-dev\frontend\src\pages\admin\FareEditor.jsx
  Line 16:35 - Error: Calling setState synchronously within an effect can trigger cascading renders

Effects are intended to synchronize state between React and external systems such as manually updating the DOM, state management libraries, or other platform APIs. In general, the body of an effect should do one or both of the following:
* Update external systems with the latest state from React.
* Subscribe for updates from some external system, calling setState in a callback function when external state changes.

Calling setState synchronously within an effect body causes cascading renders that can hurt performance, and is not recommended. (https://react.dev/learn/you-might-not-need-an-effect).

  14 |
  15 |     useEffect(() => {
> 16 |         if (searchQ.length < 1) { setTrains([]); return; }
     |                                   ^^^^^^^^^ Avoid calling setState() directly within an effect
  17 |         const t = setTimeout(async () => {
  18 |             const res = await api.searchTrains(searchQ);
  19 |             setTrains(res.slice(0, 12)); (react-hooks/set-state-in-effect)
C:\Users\joshu\Desktop\New folder\SmartRail-dev\frontend\src\pages\admin\ScheduleManagement.jsx
  Line 1:10 - 'useState' is defined but never used. Allowed unused vars must match /^[A-Z_]/u. (no-unused-vars)
C:\Users\joshu\Desktop\New folder\SmartRail-dev\frontend\src\pages\admin\SeatManagement.jsx
  Line 31:35 - Error: Calling setState synchronously within an effect can trigger cascading renders

Effects are intended to synchronize state between React and external systems such as manually updating the DOM, state management libraries, or other platform APIs. In general, the body of an effect should do one or both of the following:
* Update external systems with the latest state from React.
* Subscribe for updates from some external system, calling setState in a callback function when external state changes.

Calling setState synchronously within an effect body causes cascading renders that can hurt performance, and is not recommended. (https://react.dev/learn/you-might-not-need-an-effect).

  29 |     // Search trains
  30 |     useEffect(() => {
> 31 |         if (searchQ.length < 1) { setTrains([]); return; }
     |                                   ^^^^^^^^^ Avoid calling setState() directly within an effect
  32 |         const t = setTimeout(async () => {
  33 |             setTrainLoading(true);
  34 |             try { (react-hooks/set-state-in-effect)
  Line 63:21 - Empty block statement. (no-empty)
C:\Users\joshu\Desktop\New folder\SmartRail-dev\frontend\src\pages\admin\StationManagement.jsx
  Line 11:22 - 'setStations' is assigned a value but never used. Allowed unused vars must match /^[A-Z_]/u. (no-unused-vars)
C:\Users\joshu\Desktop\New folder\SmartRail-dev\frontend\src\pages\admin\TrainManagement.jsx
  Line 30:21 - Empty block statement. (no-empty)
  Line 42:9 - Error: Calling setState synchronously within an effect can trigger cascading renders

Effects are intended to synchronize state between React and external systems such as manually updating the DOM, state management libraries, or other platform APIs. In general, the body of an effect should do one or both of the following:
* Update external systems with the latest state from React.
* Subscribe for updates from some external system, calling setState in a callback function when external state changes.

Calling setState synchronously within an effect body causes cascading renders that can hurt performance, and is not recommended. (https://react.dev/learn/you-might-not-need-an-effect).

  40 |         );
  41 |         if (statusFilter !== "all") res = res.filter(t => t.status === statusFilter);
> 42 |         setFiltered(res);
     |         ^^^^^^^^^^^ Avoid calling setState() directly within an effect
  43 |     }, [searchQ, statusFilter, trains]);
  44 |
  45 |     const counts = { (react-hooks/set-state-in-effect)
C:\Users\joshu\Desktop\New folder\SmartRail-dev\frontend\src\pages\admin\TteManagement.jsx
  Line 23:23 - Error: Calling setState synchronously within an effect can trigger cascading renders

Effects are intended to synchronize state between React and external systems such as manually updating the DOM, state management libraries, or other platform APIs. In general, the body of an effect should do one or both of the following:
* Update external systems with the latest state from React.
* Subscribe for updates from some external system, calling setState in a callback function when external state changes.

Calling setState synchronously within an effect body causes cascading renders that can hurt performance, and is not recommended. (https://react.dev/learn/you-might-not-need-an-effect).

  21 |     };
  22 |
> 23 |     useEffect(() => { fetchTtes(); }, []);
     |                       ^^^^^^^^^ Avoid calling setState() directly within an effect
  24 |
  25 |     const handleSubmit = async (e) => {
  26 |         e.preventDefault(); (react-hooks/set-state-in-effect)
C:\Users\joshu\Desktop\New folder\SmartRail-dev\frontend\src\tte\components\Header.jsx
  Line 23:48 - 'stats' is assigned a value but never used. Allowed unused vars must match /^[A-Z_]/u. (no-unused-vars)
C:\Users\joshu\Desktop\New folder\SmartRail-dev\frontend\src\tte\components\Sidebar.jsx
  Line 26:11 - 'location' is assigned a value but never used. Allowed unused vars must match /^[A-Z_]/u. (no-unused-vars)
  Line 36:49 - 'Icon' is defined but never used. (no-unused-vars)
C:\Users\joshu\Desktop\New folder\SmartRail-dev\frontend\src\tte\hooks\useSmartRail.jsx
  Line 531:17 - Fast refresh only works when a file only exports components. Use a new file to share constants or functions between components. (react-refresh/only-export-components)
C:\Users\joshu\Desktop\New folder\SmartRail-dev\frontend\src\tte\pages\Dashboard.jsx
  Line 5:10 - 'motion' is defined but never used. Allowed unused vars must match /^[A-Z_]/u. (no-unused-vars)
  Line 9:11 - 'navigate' is assigned a value but never used. Allowed unused vars must match /^[A-Z_]/u. (no-unused-vars)
  Line 10:35 - 'time' is assigned a value but never used. Allowed unused vars must match /^[A-Z_]/u. (no-unused-vars)
C:\Users\joshu\Desktop\New folder\SmartRail-dev\frontend\src\tte\pages\Handover.jsx
  Line 5:13 - 'stats' is assigned a value but never used. Allowed unused vars must match /^[A-Z_]/u. (no-unused-vars)
C:\Users\joshu\Desktop\New folder\SmartRail-dev\frontend\src\tte\pages\PassengerVerify.jsx
  Line 1:31 - 'useRef' is defined but never used. Allowed unused vars must match /^[A-Z_]/u. (no-unused-vars)
  Line 41:13 - 'errorMessage' is defined but never used. (no-unused-vars)
  Line 46:41 - 'e' is defined but never used. (no-unused-vars)
  Line 46:61 - 'e' is defined but never used. (no-unused-vars)
  Line 46:64 - Empty block statement. (no-empty)
  Line 124:107 - 'currentConfig' is assigned a value but never used. Allowed unused vars must match /^[A-Z_]/u. (no-unused-vars)
